TAP version 13
# Subtest: AP20C1 actual packaged consumer rejects candidate before artifact fetch
ok 1 - AP20C1 actual packaged consumer rejects candidate before artifact fetch
  ---
  duration_ms: 538.518292
  type: 'test'
  ...
# {"packagePath":"<repository>/.work/mvp06-spfx-0601-build-LE0hml/spfx/sharepoint/solution/fristenrechner-schweiz.sppkg","packageSha256":"60f84213507f99ec58463c84c514037d9c00bd63fdc8f02d85e52097bcf3c587","bundlePath":"ClientSideAssets/fristenrechner-web-part_3e2badf5b19c911b0ff4.js","bundleSha256":"d9411005c17188d344a0f5028bea0bb503d8944ae8070b13747ceef67459ffdc"}
# Subtest: AP20C1 actual bundle reads format 6 and component 2 but retains every candidate gate
ok 2 - AP20C1 actual bundle reads format 6 and component 2 but retains every candidate gate
  ---
  duration_ms: 4446.065541
  type: 'test'
  ...
# Subtest: AP20C1 emitted ES5 calculates all six EOG routes only under explicit synthetic test approvals
ok 3 - AP20C1 emitted ES5 calculates all six EOG routes only under explicit synthetic test approvals
  ---
  duration_ms: 4159.361917
  type: 'test'
  ...
# Subtest: AP20C1 actual package rejects social component 1 descriptor in manifest 6 without activating anything
ok 4 - AP20C1 actual package rejects social component 1 descriptor in manifest 6 without activating anything
  ---
  duration_ms: 374.69425
  type: 'test'
  ...
# Subtest: AP20C1 actual package rejects minimum consumer 5 in manifest 6 without activating anything
ok 5 - AP20C1 actual package rejects minimum consumer 5 in manifest 6 without activating anything
  ---
  duration_ms: 372.787541
  type: 'test'
  ...
# Subtest: AP20C1 actual package preserves its validated cache after EOG object tampering
ok 6 - AP20C1 actual package preserves its validated cache after EOG object tampering
  ---
  duration_ms: 2654.244667
  type: 'test'
  ...
# Subtest: AP20C2 actual packaged consumer rejects candidate before artifact fetch or cache activation
ok 7 - AP20C2 actual packaged consumer rejects candidate before artifact fetch or cache activation
  ---
  duration_ms: 521.035417
  type: 'test'
  ...
# {"packagePath":"<repository>/.work/mvp06-spfx-0601-build-LE0hml/spfx/sharepoint/solution/fristenrechner-schweiz.sppkg","packageSha256":"60f84213507f99ec58463c84c514037d9c00bd63fdc8f02d85e52097bcf3c587","bundlePath":"ClientSideAssets/fristenrechner-web-part_3e2badf5b19c911b0ff4.js","bundleSha256":"d9411005c17188d344a0f5028bea0bb503d8944ae8070b13747ceef67459ffdc"}
# Subtest: AP20C2 actual bundle retains consumer 6/component 2 and all 42 candidate gates
ok 8 - AP20C2 actual bundle retains consumer 6/component 2 and all 42 candidate gates
  ---
  duration_ms: 4569.302625
  type: 'test'
  ...
# Subtest: AP20C2 actual bundle transports C1 rule and binding objects without reinterpretation
ok 9 - AP20C2 actual bundle transports C1 rule and binding objects without reinterpretation
  ---
  duration_ms: 3026.646167
  type: 'test'
  ...
# Subtest: AP20C2 emitted ES5 reproduces all 80 literal AP20B FamZG/FLG dates with synthetic test approvals only
ok 10 - AP20C2 emitted ES5 reproduces all 80 literal AP20B FamZG/FLG dates with synthetic test approvals only
  ---
  duration_ms: 5651.777458
  type: 'test'
  ...
# Subtest: AP20C2 emitted ES5 respects FamZG order and FLG office qualification without a domicile proxy
ok 11 - AP20C2 emitted ES5 respects FamZG order and FLG office qualification without a domicile proxy
  ---
  duration_ms: 4272.285125
  type: 'test'
  ...
# Subtest: AP20C2 actual package rejects social component 1 descriptor in manifest 6 without activating anything
ok 12 - AP20C2 actual package rejects social component 1 descriptor in manifest 6 without activating anything
  ---
  duration_ms: 254.283959
  type: 'test'
  ...
# Subtest: AP20C2 actual package rejects minimum consumer 5 in manifest 6 without activating anything
ok 13 - AP20C2 actual package rejects minimum consumer 5 in manifest 6 without activating anything
  ---
  duration_ms: 312.90175
  type: 'test'
  ...
# Subtest: AP20C2 actual package preserves its validated cache after a FamZG object is changed
ok 14 - AP20C2 actual package preserves its validated cache after a FamZG object is changed
  ---
  duration_ms: 2710.608875
  type: 'test'
  ...
# Subtest: AP20C3 actual packaged consumer rejects candidate before artifact fetch or cache activation
ok 15 - AP20C3 actual packaged consumer rejects candidate before artifact fetch or cache activation
  ---
  duration_ms: 413.090791
  type: 'test'
  ...
# {"packagePath":"<repository>/.work/mvp06-spfx-0601-build-LE0hml/spfx/sharepoint/solution/fristenrechner-schweiz.sppkg","packageSha256":"60f84213507f99ec58463c84c514037d9c00bd63fdc8f02d85e52097bcf3c587","bundlePath":"ClientSideAssets/fristenrechner-web-part_3e2badf5b19c911b0ff4.js","bundleSha256":"d9411005c17188d344a0f5028bea0bb503d8944ae8070b13747ceef67459ffdc"}
# Subtest: AP20C3 actual bundle retains consumer 6/component 2 and all 50 candidate gates
ok 16 - AP20C3 actual bundle retains consumer 6/component 2 and all 50 candidate gates
  ---
  duration_ms: 3900.025084
  type: 'test'
  ...
# Subtest: AP20C3 actual bundle transports C2 rule and binding objects without reinterpretation
ok 17 - AP20C3 actual bundle transports C2 rule and binding objects without reinterpretation
  ---
  duration_ms: 2892.605083
  type: 'test'
  ...
# Subtest: AP20C3 emitted ES5 reproduces all 80 literal AP20B MVG/UELG dates with synthetic test approvals only
ok 18 - AP20C3 emitted ES5 reproduces all 80 literal AP20B MVG/UELG dates with synthetic test approvals only
  ---
  duration_ms: 5823.750625
  type: 'test'
  ...
# Subtest: AP20C3 emitted ES5 distinguishes MVG domicile product scope, UELG administration and ATSG court jurisdiction
ok 19 - AP20C3 emitted ES5 distinguishes MVG domicile product scope, UELG administration and ATSG court jurisdiction
  ---
  duration_ms: 4907.588875
  type: 'test'
  ...
# Subtest: AP20C3 emitted ES5 enforces scoped triggers, exact days and the complete 2026–2027 date window
ok 20 - AP20C3 emitted ES5 enforces scoped triggers, exact days and the complete 2026–2027 date window
  ---
  duration_ms: 4892.446833
  type: 'test'
  ...
# Subtest: AP20C3 actual package rejects social component 1 descriptor in manifest 6 without activating anything
ok 21 - AP20C3 actual package rejects social component 1 descriptor in manifest 6 without activating anything
  ---
  duration_ms: 262.020041
  type: 'test'
  ...
# Subtest: AP20C3 actual package rejects minimum consumer 5 in manifest 6 without activating anything
ok 22 - AP20C3 actual package rejects minimum consumer 5 in manifest 6 without activating anything
  ---
  duration_ms: 277.602833
  type: 'test'
  ...
# Subtest: AP20C3 actual package preserves its validated cache after a MVG object is changed
ok 23 - AP20C3 actual package preserves its validated cache after a MVG object is changed
  ---
  duration_ms: 2397.629375
  type: 'test'
  ...
# Subtest: AP19C2 real packaged consumer rejects actual candidate before fetching any artifacts
ok 24 - AP19C2 real packaged consumer rejects actual candidate before fetching any artifacts
  ---
  duration_ms: 582.891041
  type: 'test'
  ...
# Subtest: AP19C2 compiled consumer transports twenty rules, twenty-four bindings and blocks all actual AVIG paths
ok 25 - AP19C2 compiled consumer transports twenty rules, twenty-four bindings and blocks all actual AVIG paths
  ---
  duration_ms: 3751.150667
  type: 'test'
  ...
# {"packagePath":"<repository>/.work/mvp06-spfx-0601-build-LE0hml/spfx/sharepoint/solution/fristenrechner-schweiz.sppkg","packageSha256":"60f84213507f99ec58463c84c514037d9c00bd63fdc8f02d85e52097bcf3c587","bundlePath":"ClientSideAssets/fristenrechner-web-part_3e2badf5b19c911b0ff4.js","bundleSha256":"d9411005c17188d344a0f5028bea0bb503d8944ae8070b13747ceef67459ffdc"}
# Subtest: AP19C2 actual ES5 product computes all eight AVIG bindings only under isolated synthetic approvals
ok 26 - AP19C2 actual ES5 product computes all eight AVIG bindings only under isolated synthetic approvals
  ---
  duration_ms: 2655.168875
  type: 'test'
  ...
# Subtest: AP19C2 compiled resolver rejects future fund reference dates and office/fund substitutions
ok 27 - AP19C2 compiled resolver rejects future fund reference dates and office/fund substitutions
  ---
  duration_ms: 2484.998541
  type: 'test'
  ...
# Subtest: AP19C2 packaged transport rejects tampered AVIG binding without replacing a valid cache
ok 28 - AP19C2 packaged transport rejects tampered AVIG binding without replacing a valid cache
  ---
  duration_ms: 2234.914458
  type: 'test'
  ...
# Subtest: emitted ES5 HolidayCatalogError retains its own Error subclass identity
ok 29 - emitted ES5 HolidayCatalogError retains its own Error subclass identity
  ---
  duration_ms: 5.144542
  type: 'test'
  ...
# Subtest: the unchanged actual SPPKG AMD bundle executes through its real exported WebPart
ok 30 - the unchanged actual SPPKG AMD bundle executes through its real exported WebPart
  ---
  duration_ms: 351.563875
  type: 'test'
  ...
# {"packagePath":"<repository>/.work/mvp06-spfx-0601-build-LE0hml/spfx/sharepoint/solution/fristenrechner-schweiz.sppkg","packageSha256":"60f84213507f99ec58463c84c514037d9c00bd63fdc8f02d85e52097bcf3c587","bundlePath":"ClientSideAssets/fristenrechner-web-part_3e2badf5b19c911b0ff4.js","bundleSha256":"d9411005c17188d344a0f5028bea0bb503d8944ae8070b13747ceef67459ffdc"}
# Subtest: packaged HolidayCatalogError is a real subclass, not a relabelled native Error
ok 31 - packaged HolidayCatalogError is a real subclass, not a relabelled native Error
  ---
  duration_ms: 475.48225
  type: 'test'
  ...
# Subtest: emitted ES5 CommonJS
    # Subtest: accepts all real approved format-4 bytes, including nullable oneOf branches, from an empty store
    ok 1 - accepts all real approved format-4 bytes, including nullable oneOf branches, from an empty store
      ---
      duration_ms: 1545.258459
      type: 'test'
      ...
    # Subtest: retains AP5 format-1 compatibility without a pre-existing active release
    ok 2 - retains AP5 format-1 compatibility without a pre-existing active release
      ---
      duration_ms: 175.175166
      type: 'test'
      ...
    # Subtest: promotes a real format-3 active release to the real format-4 release without fallback
    ok 3 - promotes a real format-3 active release to the real format-4 release without fallback
      ---
      duration_ms: 1205.77075
      type: 'test'
      ...
    # Subtest: rejects invalid oneOf value and does not activate any partial release
    ok 4 - rejects invalid oneOf value and does not activate any partial release
      ---
      duration_ms: 155.797792
      type: 'test'
      ...
    # Subtest: rejects schema-valid but forbidden CH parent and does not activate any partial release
    ok 5 - rejects schema-valid but forbidden CH parent and does not activate any partial release
      ---
      duration_ms: 185.199708
      type: 'test'
      ...
    # Subtest: rejects unknown catalog core field and does not activate any partial release
    ok 6 - rejects unknown catalog core field and does not activate any partial release
      ---
      duration_ms: 141.053208
      type: 'test'
      ...
    # Subtest: rejects unresolvable catalog source and does not activate any partial release
    ok 7 - rejects unresolvable catalog source and does not activate any partial release
      ---
      duration_ms: 213.067042
      type: 'test'
      ...
    # Subtest: rejects a missing catalog on first use without inventing an active release
    ok 8 - rejects a missing catalog on first use without inventing an active release
      ---
      duration_ms: 150.171167
      type: 'test'
      ...
    # Subtest: oneOf propagates an unexpected error unchanged instead of swallowing it as a branch mismatch
    ok 9 - oneOf propagates an unexpected error unchanged instead of swallowing it as a branch mismatch
      ---
      duration_ms: 189.526459
      type: 'test'
      ...
    # Subtest: retains the complete validated format-4 active release after invalid schema or semantics
    ok 10 - retains the complete validated format-4 active release after invalid schema or semantics
      ---
      duration_ms: 1196.554792
      type: 'test'
      ...
    # Subtest: a catalog checksum mismatch preserves the previous valid release
    ok 11 - a catalog checksum mismatch preserves the previous valid release
      ---
      duration_ms: 167.330166
      type: 'test'
      ...
    1..11
ok 32 - emitted ES5 CommonJS
  ---
  duration_ms: 5325.922125
  type: 'suite'
  ...
# Subtest: actual packaged AMD bundle
    # Subtest: accepts all real approved format-4 bytes, including nullable oneOf branches, from an empty store
    ok 1 - accepts all real approved format-4 bytes, including nullable oneOf branches, from an empty store
      ---
      duration_ms: 2384.761833
      type: 'test'
      ...
    # Subtest: retains AP5 format-1 compatibility without a pre-existing active release
    ok 2 - retains AP5 format-1 compatibility without a pre-existing active release
      ---
      duration_ms: 281.20925
      type: 'test'
      ...
    # Subtest: promotes a real format-3 active release to the real format-4 release without fallback
    ok 3 - promotes a real format-3 active release to the real format-4 release without fallback
      ---
      duration_ms: 1901.792708
      type: 'test'
      ...
    # Subtest: rejects invalid oneOf value and does not activate any partial release
    ok 4 - rejects invalid oneOf value and does not activate any partial release
      ---
      duration_ms: 289.997667
      type: 'test'
      ...
    # Subtest: rejects schema-valid but forbidden CH parent and does not activate any partial release
    ok 5 - rejects schema-valid but forbidden CH parent and does not activate any partial release
      ---
      duration_ms: 423.125791
      type: 'test'
      ...
    # Subtest: rejects unknown catalog core field and does not activate any partial release
    ok 6 - rejects unknown catalog core field and does not activate any partial release
      ---
      duration_ms: 321.228291
      type: 'test'
      ...
    # Subtest: rejects unresolvable catalog source and does not activate any partial release
    ok 7 - rejects unresolvable catalog source and does not activate any partial release
      ---
      duration_ms: 397.714917
      type: 'test'
      ...
    # Subtest: rejects a missing catalog on first use without inventing an active release
    ok 8 - rejects a missing catalog on first use without inventing an active release
      ---
      duration_ms: 279.415833
      type: 'test'
      ...
    # Subtest: oneOf propagates an unexpected error unchanged instead of swallowing it as a branch mismatch
    ok 9 - oneOf propagates an unexpected error unchanged instead of swallowing it as a branch mismatch
      ---
      duration_ms: 328.676083
      type: 'test'
      ...
    # Subtest: retains the complete validated format-4 active release after invalid schema or semantics
    ok 10 - retains the complete validated format-4 active release after invalid schema or semantics
      ---
      duration_ms: 2068.491833
      type: 'test'
      ...
    # Subtest: a catalog checksum mismatch preserves the previous valid release
    ok 11 - a catalog checksum mismatch preserves the previous valid release
      ---
      duration_ms: 268.558709
      type: 'test'
      ...
    1..11
ok 33 - actual packaged AMD bundle
  ---
  duration_ms: 8945.758458
  type: 'suite'
  ...
# Subtest: AP19C3 real packaged consumer rejects actual candidate before fetching any artifacts
ok 34 - AP19C3 real packaged consumer rejects actual candidate before fetching any artifacts
  ---
  duration_ms: 344.917708
  type: 'test'
  ...
# Subtest: AP19C3 compiled consumer transports twenty-four rules, twenty-eight bindings and blocks all actual KVG paths
ok 35 - AP19C3 compiled consumer transports twenty-four rules, twenty-eight bindings and blocks all actual KVG paths
  ---
  duration_ms: 3143.856916
  type: 'test'
  ...
# {"packagePath":"<repository>/.work/mvp06-spfx-0601-build-LE0hml/spfx/sharepoint/solution/fristenrechner-schweiz.sppkg","packageSha256":"60f84213507f99ec58463c84c514037d9c00bd63fdc8f02d85e52097bcf3c587","bundlePath":"ClientSideAssets/fristenrechner-web-part_3e2badf5b19c911b0ff4.js","bundleSha256":"d9411005c17188d344a0f5028bea0bb503d8944ae8070b13747ceef67459ffdc"}
# Subtest: AP19C3 actual ES5 product computes all four KVG bindings only under isolated synthetic approvals
ok 36 - AP19C3 actual ES5 product computes all four KVG bindings only under isolated synthetic approvals
  ---
  duration_ms: 2444.404375
  type: 'test'
  ...
# Subtest: AP19C3 compiled resolver rejects a substituted product domicile and missing court reference
ok 37 - AP19C3 compiled resolver rejects a substituted product domicile and missing court reference
  ---
  duration_ms: 2615.609084
  type: 'test'
  ...
# Subtest: AP19C3 packaged transport rejects tampered KVG binding without replacing a valid cache
ok 38 - AP19C3 packaged transport rejects tampered KVG binding without replacing a valid cache
  ---
  duration_ms: 2266.974333
  type: 'test'
  ...
# Subtest: MVP 0.5 actual package activates the approved format-5 release without synthetic approvals
ok 39 - MVP 0.5 actual package activates the approved format-5 release without synthetic approvals
  ---
  duration_ms: 2881.662583
  type: 'test'
  ...
# {"packagePath":"<repository>/.work/mvp06-spfx-0601-build-LE0hml/spfx/sharepoint/solution/fristenrechner-schweiz.sppkg","packageSha256":"60f84213507f99ec58463c84c514037d9c00bd63fdc8f02d85e52097bcf3c587","bundlePath":"ClientSideAssets/fristenrechner-web-part_3e2badf5b19c911b0ff4.js","bundleSha256":"d9411005c17188d344a0f5028bea0bb503d8944ae8070b13747ceef67459ffdc"}
# Subtest: MVP 0.5 emitted ES5 calculates all 28 actual approved bindings and keeps non-Bern contexts blocked
ok 40 - MVP 0.5 emitted ES5 calculates all 28 actual approved bindings and keeps non-Bern contexts blocked
  ---
  duration_ms: 3378.15925
  type: 'test'
  ...
# Subtest: MVP 0.5 packaged tamper rejection preserves the previously validated active release
ok 41 - MVP 0.5 packaged tamper rejection preserves the previously validated active release
  ---
  duration_ms: 2377.4065
  type: 'test'
  ...
# Subtest: MVP 0.6 actual package activates the approved format-6 release without synthetic approvals
ok 42 - MVP 0.6 actual package activates the approved format-6 release without synthetic approvals
  ---
  duration_ms: 3079.840292
  type: 'test'
  ...
# {"packagePath":"<repository>/.work/mvp06-spfx-0601-build-LE0hml/spfx/sharepoint/solution/fristenrechner-schweiz.sppkg","packageSha256":"60f84213507f99ec58463c84c514037d9c00bd63fdc8f02d85e52097bcf3c587","bundlePath":"ClientSideAssets/fristenrechner-web-part_3e2badf5b19c911b0ff4.js","bundleSha256":"d9411005c17188d344a0f5028bea0bb503d8944ae8070b13747ceef67459ffdc"}
# Subtest: MVP 0.6 emitted ES5 calculates all 50 actual approved bindings and keeps non-Bern contexts blocked
ok 43 - MVP 0.6 emitted ES5 calculates all 50 actual approved bindings and keeps non-Bern contexts blocked
  ---
  duration_ms: 5122.866125
  type: 'test'
  ...
# Subtest: MVP 0.6 packaged tamper rejection preserves the previously validated active release
ok 44 - MVP 0.6 packaged tamper rejection preserves the previously validated active release
  ---
  duration_ms: 2680.33625
  type: 'test'
  ...
# Subtest: actual ES5 SocialCatalogError retains its error prototype
ok 45 - actual ES5 SocialCatalogError retains its error prototype
  ---
  duration_ms: 4.536458
  type: 'test'
  ...
# Subtest: actual packaged format-5 transport rejects the real candidate before artifact fetch
ok 46 - actual packaged format-5 transport rejects the real candidate before artifact fetch
  ---
  duration_ms: 401.779
  type: 'test'
  ...
# Subtest: actual packaged consumer retains candidate social approvals and blocks calculation
ok 47 - actual packaged consumer retains candidate social approvals and blocks calculation
  ---
  duration_ms: 3295.215
  type: 'test'
  ...
# {"packagePath":"<repository>/.work/mvp06-spfx-0601-build-LE0hml/spfx/sharepoint/solution/fristenrechner-schweiz.sppkg","packageSha256":"60f84213507f99ec58463c84c514037d9c00bd63fdc8f02d85e52097bcf3c587","bundlePath":"ClientSideAssets/fristenrechner-web-part_3e2badf5b19c911b0ff4.js","bundleSha256":"d9411005c17188d344a0f5028bea0bb503d8944ae8070b13747ceef67459ffdc"}
# Subtest: actual bundle rejects object-hash tampering without replacing a valid cache
ok 48 - actual bundle rejects object-hash tampering without replacing a valid cache
  ---
  duration_ms: 1918.852417
  type: 'test'
  ...
1..48
# tests 68
# suites 2
# pass 68
# fail 0
# cancelled 0
# skipped 0
# todo 0
# duration_ms 62709.302334
