 ---- build started ---- 
[build:set-browserslist-ignore-old-data-env-var] Setting environment variable BROWSERSLIST_IGNORE_OLD_DATA=1
[build:sass] Starting...
[build:static-asset-typings] Processing static assets...
[build:static-asset-typings] Finished processing static assets.
[build:copy-javascript] Copied 6 files and linked 0 files
[build:sass] Compiling 3 files...
[build:sass] Finished compiling.
[build:typescript] Using TypeScript version 5.8.3
[build:typescript] Copied 38 files and linked 0 files
[build:lint] Using ESLint version 9.37.0
[build:webpack] Using Webpack version 5.105.4
[build:webpack] Running Webpack compilation
 ---- build finished (15.233s) ---- 
 ---- test started ---- 
[test:clean] Deleted 11 files and 2 folders
[test:jest] Using Jest version 30.2.0
No tests found, exiting with code 0
[test:jest] 
[test:jest] Run start. 0 test suites
[test:jest] 
[test:jest] Tests finished:
[test:jest]   Successes: 0
[test:jest]   Failures: 0
[test:jest]   Total: 0
 ---- test finished (0.763s) ---- 
-------------------- Finished (16s) --------------------
[build:lint] Warning: src/core/types.ts:29:27 - (@rushstack/no-new-null) Usage of "null" is deprecated except when describing legacy APIs; use "undefined" instead
[build:lint] Warning: src/core/types.ts:53:33 - (@rushstack/no-new-null) Usage of "null" is deprecated except when describing legacy APIs; use "undefined" instead
Encountered 2 warnings
  [build:lint] src/core/types.ts:29:27 - (@rushstack/no-new-null) Usage of "null" is deprecated except when describing legacy APIs; use "undefined" instead
  [build:lint] src/core/types.ts:53:33 - (@rushstack/no-new-null) Usage of "null" is deprecated except when describing legacy APIs; use "undefined" instead
