TAP version 13
# Subtest: real AP20C1 candidate remains blocked before any artifact fetch
ok 1 - real AP20C1 candidate remains blocked before any artifact fetch
  ---
  duration_ms: 526.293834
  type: 'test'
  ...
# Subtest: format 6 transport retains component 2 and all exact candidate gates
ok 2 - format 6 transport retains component 2 and all exact candidate gates
  ---
  duration_ms: 1904.481166
  type: 'test'
  ...
# Subtest: format 6 mirror and GitHub transport preserve exact bytes and IndexedDB envelope
ok 3 - format 6 mirror and GitHub transport preserve exact bytes and IndexedDB envelope
  ---
  duration_ms: 4189.823417
  type: 'test'
  ...
# Subtest: format 6 rejects old minimum
ok 4 - format 6 rejects old minimum
  ---
  duration_ms: 271.166334
  type: 'test'
  ...
# Subtest: format 6 rejects unknown minimum
ok 5 - format 6 rejects unknown minimum
  ---
  duration_ms: 252.748666
  type: 'test'
  ...
# Subtest: format 6 rejects unknown manifest minor
ok 6 - format 6 rejects unknown manifest minor
  ---
  duration_ms: 197.614625
  type: 'test'
  ...
# Subtest: format 6 rejects unknown manifest major
ok 7 - format 6 rejects unknown manifest major
  ---
  duration_ms: 207.187042
  type: 'test'
  ...
# Subtest: format 6 rejects old manifest schema
ok 8 - format 6 rejects old manifest schema
  ---
  duration_ms: 191.965084
  type: 'test'
  ...
# Subtest: format 6 rejects component 2 in manifest 5
ok 9 - format 6 rejects component 2 in manifest 5
  ---
  duration_ms: 201.157334
  type: 'test'
  ...
# Subtest: format 6 rejects component 1 in manifest 6
ok 10 - format 6 rejects component 1 in manifest 6
  ---
  duration_ms: 202.826708
  type: 'test'
  ...
# Subtest: format 6 rejects social format-only relabel
ok 11 - format 6 rejects social format-only relabel
  ---
  duration_ms: 234.404041
  type: 'test'
  ...
# Subtest: format 6 rejects unknown social property
ok 12 - format 6 rejects unknown social property
  ---
  duration_ms: 481.383959
  type: 'test'
  ...
# Subtest: format 6 rejects invalid EOG office domain
ok 13 - format 6 rejects invalid EOG office domain
  ---
  duration_ms: 502.89975
  type: 'test'
  ...
# Subtest: format 6 rejects missing operative source
ok 14 - format 6 rejects missing operative source
  ---
  duration_ms: 774.209167
  type: 'test'
  ...
# Subtest: format 6 rejects unknown operative source
ok 15 - format 6 rejects unknown operative source
  ---
  duration_ms: 514.812208
  type: 'test'
  ...
# Subtest: format 6 rejects conflicting shared source identity
ok 16 - format 6 rejects conflicting shared source identity
  ---
  duration_ms: 577.594416
  type: 'test'
  ...
# Subtest: format 6 rejects changed social bytes without matching file hash
ok 17 - format 6 rejects changed social bytes without matching file hash
  ---
  duration_ms: 247.894625
  type: 'test'
  ...
# Subtest: consumer 6 validates unchanged transport of 1.0.0 including its data pin
ok 18 - consumer 6 validates unchanged transport of 1.0.0 including its data pin
  ---
  duration_ms: 408.640584
  type: 'test'
  ...
# Subtest: consumer 6 validates unchanged transport of 2.0.0 including its data pin
ok 19 - consumer 6 validates unchanged transport of 2.0.0 including its data pin
  ---
  duration_ms: 184.574625
  type: 'test'
  ...
# Subtest: consumer 6 validates unchanged transport of 3.0.0 including its data pin
ok 20 - consumer 6 validates unchanged transport of 3.0.0 including its data pin
  ---
  duration_ms: 177.97
  type: 'test'
  ...
# Subtest: consumer 6 validates unchanged transport of 4.0.0 including its data pin
ok 21 - consumer 6 validates unchanged transport of 4.0.0 including its data pin
  ---
  duration_ms: 1586.75775
  type: 'test'
  ...
# Subtest: consumer 6 validates unchanged transport of 5.0.0 including its data pin
ok 22 - consumer 6 validates unchanged transport of 5.0.0 including its data pin
  ---
  duration_ms: 1673.398209
  type: 'test'
  ...
# Subtest: AP20C2 real candidate transport stops at manifest without fetching any artifact
ok 23 - AP20C2 real candidate transport stops at manifest without fetching any artifact
  ---
  duration_ms: 551.681708
  type: 'test'
  ...
# Subtest: AP20C2 unchanged format 6/component 2 transports eight new paths without activating them
ok 24 - AP20C2 unchanged format 6/component 2 transports eight new paths without activating them
  ---
  duration_ms: 2113.380041
  type: 'test'
  ...
# Subtest: AP20C2 transport preserves all accepted C1 rules, bindings and nine unchanged artifact bytes
ok 25 - AP20C2 transport preserves all accepted C1 rules, bindings and nine unchanged artifact bytes
  ---
  duration_ms: 2377.693584
  type: 'test'
  ...
# Subtest: AP20C2 mirror and GitHub transports share byte identity and survive IndexedDB restoration
ok 26 - AP20C2 mirror and GitHub transports share byte identity and survive IndexedDB restoration
  ---
  duration_ms: 3953.573959
  type: 'test'
  ...
# Subtest: AP20C2 transport rejects minimum consumer 5
ok 27 - AP20C2 transport rejects minimum consumer 5
  ---
  duration_ms: 230.530167
  type: 'test'
  ...
# Subtest: AP20C2 transport rejects unknown manifest major
ok 28 - AP20C2 transport rejects unknown manifest major
  ---
  duration_ms: 232.462583
  type: 'test'
  ...
# Subtest: AP20C2 transport rejects unknown manifest minor
ok 29 - AP20C2 transport rejects unknown manifest minor
  ---
  duration_ms: 249.131916
  type: 'test'
  ...
# Subtest: AP20C2 transport rejects old manifest schema
ok 30 - AP20C2 transport rejects old manifest schema
  ---
  duration_ms: 214.124375
  type: 'test'
  ...
# Subtest: AP20C2 transport rejects social component 1 in manifest 6
ok 31 - AP20C2 transport rejects social component 1 in manifest 6
  ---
  duration_ms: 249.769208
  type: 'test'
  ...
# Subtest: AP20C2 transport rejects unknown social property
ok 32 - AP20C2 transport rejects unknown social property
  ---
  duration_ms: 243.310167
  type: 'test'
  ...
# Subtest: AP20C2 transport rejects FamZG canton outside the closed domain
ok 33 - AP20C2 transport rejects FamZG canton outside the closed domain
  ---
  duration_ms: 578.860958
  type: 'test'
  ...
# Subtest: AP20C2 transport rejects FLG canton outside the closed domain
ok 34 - AP20C2 transport rejects FLG canton outside the closed domain
  ---
  duration_ms: 523.735042
  type: 'test'
  ...
# Subtest: AP20C2 transport rejects unknown family office origin
ok 35 - AP20C2 transport rejects unknown family office origin
  ---
  duration_ms: 423.804625
  type: 'test'
  ...
# Subtest: AP20C2 transport rejects FamZG binding changed without object hash
ok 36 - AP20C2 transport rejects FamZG binding changed without object hash
  ---
  duration_ms: 490.266458
  type: 'test'
  ...
# Subtest: AP20C2 transport rejects missing operative source
ok 37 - AP20C2 transport rejects missing operative source
  ---
  duration_ms: 707.148917
  type: 'test'
  ...
# Subtest: AP20C2 transport rejects conflicting shared source identity
ok 38 - AP20C2 transport rejects conflicting shared source identity
  ---
  duration_ms: 424.342917
  type: 'test'
  ...
# Subtest: AP20C2 changed social bytes cannot pass the manifest checksum
ok 39 - AP20C2 changed social bytes cannot pass the manifest checksum
  ---
  duration_ms: 178.722625
  type: 'test'
  ...
# Subtest: AP20C3 real candidate transport stops at manifest without fetching any artifact
ok 40 - AP20C3 real candidate transport stops at manifest without fetching any artifact
  ---
  duration_ms: 336.071458
  type: 'test'
  ...
# Subtest: AP20C3 unchanged format 6/component 2 transports eight new paths without activating them
ok 41 - AP20C3 unchanged format 6/component 2 transports eight new paths without activating them
  ---
  duration_ms: 2168.739917
  type: 'test'
  ...
# Subtest: AP20C3 transport preserves all accepted C2 rules, bindings and nine unchanged artifact bytes
ok 42 - AP20C3 transport preserves all accepted C2 rules, bindings and nine unchanged artifact bytes
  ---
  duration_ms: 1699.484958
  type: 'test'
  ...
# Subtest: AP20C3 mirror and GitHub transports share byte identity and survive IndexedDB restoration
ok 43 - AP20C3 mirror and GitHub transports share byte identity and survive IndexedDB restoration
  ---
  duration_ms: 3441.391625
  type: 'test'
  ...
# Subtest: AP20C3 transport rejects minimum consumer 5
ok 44 - AP20C3 transport rejects minimum consumer 5
  ---
  duration_ms: 223.492041
  type: 'test'
  ...
# Subtest: AP20C3 transport rejects unknown manifest major
ok 45 - AP20C3 transport rejects unknown manifest major
  ---
  duration_ms: 211.247792
  type: 'test'
  ...
# Subtest: AP20C3 transport rejects unknown manifest minor
ok 46 - AP20C3 transport rejects unknown manifest minor
  ---
  duration_ms: 186.028667
  type: 'test'
  ...
# Subtest: AP20C3 transport rejects old manifest schema
ok 47 - AP20C3 transport rejects old manifest schema
  ---
  duration_ms: 224.049458
  type: 'test'
  ...
# Subtest: AP20C3 transport rejects social component 1 in manifest 6
ok 48 - AP20C3 transport rejects social component 1 in manifest 6
  ---
  duration_ms: 230.644959
  type: 'test'
  ...
# Subtest: AP20C3 transport rejects unknown social property
ok 49 - AP20C3 transport rejects unknown social property
  ---
  duration_ms: 367.290292
  type: 'test'
  ...
# Subtest: AP20C3 transport rejects MVG canton outside the closed domain
ok 50 - AP20C3 transport rejects MVG canton outside the closed domain
  ---
  duration_ms: 471.419208
  type: 'test'
  ...
# Subtest: AP20C3 transport rejects UELG administrative canton outside the closed domain
ok 51 - AP20C3 transport rejects UELG administrative canton outside the closed domain
  ---
  duration_ms: 491.034042
  type: 'test'
  ...
# Subtest: AP20C3 transport rejects unknown military insurer origin
ok 52 - AP20C3 transport rejects unknown military insurer origin
  ---
  duration_ms: 487.254333
  type: 'test'
  ...
# Subtest: AP20C3 transport rejects MVG binding changed without object hash
ok 53 - AP20C3 transport rejects MVG binding changed without object hash
  ---
  duration_ms: 542.646417
  type: 'test'
  ...
# Subtest: AP20C3 transport rejects missing operative source
ok 54 - AP20C3 transport rejects missing operative source
  ---
  duration_ms: 769.648583
  type: 'test'
  ...
# Subtest: AP20C3 transport rejects conflicting shared source identity
ok 55 - AP20C3 transport rejects conflicting shared source identity
  ---
  duration_ms: 585.562041
  type: 'test'
  ...
# Subtest: AP20C3 changed social bytes cannot pass the manifest checksum
ok 56 - AP20C3 changed social bytes cannot pass the manifest checksum
  ---
  duration_ms: 638.441667
  type: 'test'
  ...
# Subtest: AP19C2 transport rejects actual candidate without fetching artifacts
ok 57 - AP19C2 transport rejects actual candidate without fetching artifacts
  ---
  duration_ms: 353.761666
  type: 'test'
  ...
# Subtest: AP19C2 source consumer transports twenty rules and twenty-four bindings with all eight AVIG paths blocked
ok 58 - AP19C2 source consumer transports twenty rules and twenty-four bindings with all eight AVIG paths blocked
  ---
  duration_ms: 1920.3915
  type: 'test'
  ...
# Subtest: AP19C2 mirror and GitHub transport preserve identical candidate bytes
ok 59 - AP19C2 mirror and GitHub transport preserve identical candidate bytes
  ---
  duration_ms: 2226.442916
  type: 'test'
  ...
# Subtest: AP19C2 IndexedDB round-trip retains both AVIG jurisdictions and candidate statuses
ok 60 - AP19C2 IndexedDB round-trip retains both AVIG jurisdictions and candidate statuses
  ---
  duration_ms: 1903.700166
  type: 'test'
  ...
# Subtest: AP19C2 rejects new AVIG binding tampering even with recomputed artifact hashes
ok 61 - AP19C2 rejects new AVIG binding tampering even with recomputed artifact hashes
  ---
  duration_ms: 205.490875
  type: 'test'
  ...
# Subtest: AP19C2 rejects missing AVIV evidence source in a hash-valid envelope
ok 62 - AP19C2 rejects missing AVIV evidence source in a hash-valid envelope
  ---
  duration_ms: 816.430208
  type: 'test'
  ...
# Subtest: Format 4 lädt den vollen Fachkatalog und behält die bestehende Berner Berechnung
ok 63 - Format 4 lädt den vollen Fachkatalog und behält die bestehende Berner Berechnung
  ---
  duration_ms: 2065.712167
  type: 'test'
  ...
# Subtest: der echte AP18C-Kandidat bleibt vor dem ersten Artefaktzugriff gesperrt
ok 64 - der echte AP18C-Kandidat bleibt vor dem ersten Artefaktzugriff gesperrt
  ---
  duration_ms: 232.755625
  type: 'test'
  ...
# Subtest: Format-4-GitHub- und Mirrorpfad validieren byteidentische Katalogartefakte
ok 65 - Format-4-GitHub- und Mirrorpfad validieren byteidentische Katalogartefakte
  ---
  duration_ms: 3434.728917
  type: 'test'
  ...
# Subtest: IndexedDB erhält den vollständigen Format-4-Katalog beim Wiederöffnen
ok 66 - IndexedDB erhält den vollständigen Format-4-Katalog beim Wiederöffnen
  ---
  duration_ms: 2973.362708
  type: 'test'
  ...
# Subtest: Format 4 weist fehlende Katalog-ID vor Aktivierung ab
ok 67 - Format 4 weist fehlende Katalog-ID vor Aktivierung ab
  ---
  duration_ms: 720.262875
  type: 'test'
  ...
# Subtest: Format 4 weist fehlendes Katalogartefakt vor Aktivierung ab
ok 68 - Format 4 weist fehlendes Katalogartefakt vor Aktivierung ab
  ---
  duration_ms: 290.283792
  type: 'test'
  ...
# Subtest: Format 4 weist doppeltes Katalogartefakt vor Aktivierung ab
ok 69 - Format 4 weist doppeltes Katalogartefakt vor Aktivierung ab
  ---
  duration_ms: 306.969458
  type: 'test'
  ...
# Subtest: Format 4 weist abweichende Katalog-ID vor Aktivierung ab
ok 70 - Format 4 weist abweichende Katalog-ID vor Aktivierung ab
  ---
  duration_ms: 195.6215
  type: 'test'
  ...
# Subtest: Format 4 weist Format-3-Smuggling mit Katalogrolle vor Aktivierung ab
ok 71 - Format 4 weist Format-3-Smuggling mit Katalogrolle vor Aktivierung ab
  ---
  duration_ms: 198.239458
  type: 'test'
  ...
# Subtest: Format 4 weist Format-3-Smuggling mit neuem ID-Feld vor Aktivierung ab
ok 72 - Format 4 weist Format-3-Smuggling mit neuem ID-Feld vor Aktivierung ab
  ---
  duration_ms: 184.622458
  type: 'test'
  ...
# Subtest: Format 4 weist zu niedrige Consumer-Hauptversion vor Aktivierung ab
ok 73 - Format 4 weist zu niedrige Consumer-Hauptversion vor Aktivierung ab
  ---
  duration_ms: 222.026916
  type: 'test'
  ...
# Subtest: Format 4 weist Feiertagskatalog als Kalenderrolle vor Aktivierung ab
ok 74 - Format 4 weist Feiertagskatalog als Kalenderrolle vor Aktivierung ab
  ---
  duration_ms: 194.127541
  type: 'test'
  ...
# Subtest: Format 4 weist unbekannte Rolle vor Aktivierung ab
ok 75 - Format 4 weist unbekannte Rolle vor Aktivierung ab
  ---
  duration_ms: 215.934792
  type: 'test'
  ...
# Subtest: Format 4 weist unbekannte Manifest-Hauptversion vor Aktivierung ab
ok 76 - Format 4 weist unbekannte Manifest-Hauptversion vor Aktivierung ab
  ---
  duration_ms: 202.6465
  type: 'test'
  ...
# Subtest: unbekannte fachliche Katalogfelder werden nicht ignoriert
ok 77 - unbekannte fachliche Katalogfelder werden nicht ignoriert
  ---
  duration_ms: 209.573334
  type: 'test'
  ...
# Subtest: eine nicht auflösbare Fachkatalogquelle blockiert den gesamten Release
ok 78 - eine nicht auflösbare Fachkatalogquelle blockiert den gesamten Release
  ---
  duration_ms: 304.682708
  type: 'test'
  ...
# Subtest: eine neu als Halbtag bezeichnete Berner Regel wird nicht operativ angewendet
ok 79 - eine neu als Halbtag bezeichnete Berner Regel wird nicht operativ angewendet
  ---
  duration_ms: 249.803125
  type: 'test'
  ...
# Subtest: eine korrekt gehashte, aber inkonsistente Kalenderprojektion wird abgewiesen
ok 80 - eine korrekt gehashte, aber inkonsistente Kalenderprojektion wird abgewiesen
  ---
  duration_ms: 851.938167
  type: 'test'
  ...
# Subtest: Projektionsfehler erhalten atomar den alten verifizierten Aktivstand
ok 81 - Projektionsfehler erhalten atomar den alten verifizierten Aktivstand
  ---
  duration_ms: 2136.118
  type: 'test'
  ...
# Subtest: Format 4 weist einen Legacy-Spezialkatalog vor Aktivierung ab
ok 82 - Format 4 weist einen Legacy-Spezialkatalog vor Aktivierung ab
  ---
  duration_ms: 1089.434708
  type: 'test'
  ...
# Subtest: Format 4 weist ein zusätzliches formal gültiges Rechtsprofil vor Aktivierung ab
ok 83 - Format 4 weist ein zusätzliches formal gültiges Rechtsprofil vor Aktivierung ab
  ---
  duration_ms: 1002.626708
  type: 'test'
  ...
# Subtest: Format-4-Scopefehler überschreiben den vorherigen verifizierten Aktivstand nicht
ok 84 - Format-4-Scopefehler überschreiben den vorherigen verifizierten Aktivstand nicht
  ---
  duration_ms: 2240.317542
  type: 'test'
  ...
# Subtest: Katalog-Komponentenmajor und Deskriptor müssen übereinstimmen
ok 85 - Katalog-Komponentenmajor und Deskriptor müssen übereinstimmen
  ---
  duration_ms: 225.377416
  type: 'test'
  ...
# Subtest: AP19C3 transport rejects actual candidate without fetching artifacts
ok 86 - AP19C3 transport rejects actual candidate without fetching artifacts
  ---
  duration_ms: 433.398625
  type: 'test'
  ...
# Subtest: AP19C3 source consumer transports twenty-four rules and twenty-eight bindings with all four KVG paths blocked
ok 87 - AP19C3 source consumer transports twenty-four rules and twenty-eight bindings with all four KVG paths blocked
  ---
  duration_ms: 3557.307583
  type: 'test'
  ...
# Subtest: AP19C3 mirror and GitHub transport preserve identical candidate bytes
ok 88 - AP19C3 mirror and GitHub transport preserve identical candidate bytes
  ---
  duration_ms: 3450.319292
  type: 'test'
  ...
# Subtest: AP19C3 IndexedDB round-trip retains KVG product and court routes and candidate statuses
ok 89 - AP19C3 IndexedDB round-trip retains KVG product and court routes and candidate statuses
  ---
  duration_ms: 1790.669334
  type: 'test'
  ...
# Subtest: AP19C3 rejects new KVG binding tampering even with recomputed artifact hashes
ok 90 - AP19C3 rejects new KVG binding tampering even with recomputed artifact hashes
  ---
  duration_ms: 219.12225
  type: 'test'
  ...
# Subtest: AP19C3 rejects missing KVG evidence source in a hash-valid envelope
ok 91 - AP19C3 rejects missing KVG evidence source in a hash-valid envelope
  ---
  duration_ms: 797.695958
  type: 'test'
  ...
# Subtest: MVP 0.5 transports the real approved manifest and all ten artifacts without synthetic approval
ok 92 - MVP 0.5 transports the real approved manifest and all ten artifacts without synthetic approval
  ---
  duration_ms: 2036.460208
  type: 'test'
  ...
# Subtest: MVP 0.5 source consumer calculates every approved binding with both Bern holiday anchors
ok 93 - MVP 0.5 source consumer calculates every approved binding with both Bern holiday anchors
  ---
  duration_ms: 2631.202125
  type: 'test'
  ...
# Subtest: MVP 0.5 IndexedDB retains the exact approved source and eligibility bindings
ok 94 - MVP 0.5 IndexedDB retains the exact approved source and eligibility bindings
  ---
  duration_ms: 2325.940917
  type: 'test'
  ...
# Subtest: MVP 0.5 offline fixtures validate equivalent GitHub and Mirror byte transport without claiming publication
ok 95 - MVP 0.5 offline fixtures validate equivalent GitHub and Mirror byte transport without claiming publication
  ---
  duration_ms: 2248.1315
  type: 'test'
  ...
# Subtest: MVP 0.5 rejects a changed binding even with recomputed outer artifact hashes
ok 96 - MVP 0.5 rejects a changed binding even with recomputed outer artifact hashes
  ---
  duration_ms: 197.409541
  type: 'test'
  ...
# Subtest: MVP 0.6 transports the real approved manifest and all ten artifacts without synthetic approval
ok 97 - MVP 0.6 transports the real approved manifest and all ten artifacts without synthetic approval
  ---
  duration_ms: 2034.826084
  type: 'test'
  ...
# Subtest: MVP 0.6 source consumer calculates every approved binding with both Bern holiday anchors
ok 98 - MVP 0.6 source consumer calculates every approved binding with both Bern holiday anchors
  ---
  duration_ms: 4187.6505
  type: 'test'
  ...
# Subtest: MVP 0.6 IndexedDB retains the exact approved source and eligibility bindings
ok 99 - MVP 0.6 IndexedDB retains the exact approved source and eligibility bindings
  ---
  duration_ms: 2182.57125
  type: 'test'
  ...
# Subtest: MVP 0.6 offline fixtures validate equivalent GitHub and Mirror byte transport without claiming publication
ok 100 - MVP 0.6 offline fixtures validate equivalent GitHub and Mirror byte transport without claiming publication
  ---
  duration_ms: 1835.733958
  type: 'test'
  ...
# Subtest: MVP 0.6 rejects a changed binding even with recomputed outer artifact hashes
ok 101 - MVP 0.6 rejects a changed binding even with recomputed outer artifact hashes
  ---
  duration_ms: 171.617541
  type: 'test'
  ...
# Subtest: pinnt den MVP-0.6-Datenrelease auf den tatsächlichen lokalen Datencommit ohne Publikationsbehauptung
ok 102 - pinnt den MVP-0.6-Datenrelease auf den tatsächlichen lokalen Datencommit ohne Publikationsbehauptung
  ---
  duration_ms: 0.545375
  type: 'test'
  ...
# Subtest: verbindet den validierten Release mit dem produktiven Rechenkern
ok 103 - verbindet den validierten Release mit dem produktiven Rechenkern
  ---
  duration_ms: 1645.602542
  type: 'test'
  ...
# Subtest: verbindet den Format-4-Release mit der Spezialregimeberechnung
ok 104 - verbindet den Format-4-Release mit der Spezialregimeberechnung
  ---
  duration_ms: 1699.956583
  type: 'test'
  ...
# Subtest: exponiert dasselbe WebPart in SharePoint und Teams ohne zusätzliche API-Freigabe
ok 105 - exponiert dasselbe WebPart in SharePoint und Teams ohne zusätzliche API-Freigabe
  ---
  duration_ms: 1.942458
  type: 'test'
  ...
# Subtest: synchronisiert nur die produktiven Kern- und UI-Quellen
ok 106 - synchronisiert nur die produktiven Kern- und UI-Quellen
  ---
  duration_ms: 8.536458
  type: 'test'
  ...
# Subtest: bindet die Produkt-CSS im SPFx-Host ohne lokalisierte fr-Klassennamen ein
ok 107 - bindet die Produkt-CSS im SPFx-Host ohne lokalisierte fr-Klassennamen ein
  ---
  duration_ms: 1.298791
  type: 'test'
  ...
# Subtest: lädt den synthetischen Spezialkatalog-3-Vertrag mit Manifest 3 und Kalender 2
ok 108 - lädt den synthetischen Spezialkatalog-3-Vertrag mit Manifest 3 und Kalender 2
  ---
  duration_ms: 303.853458
  type: 'test'
  ...
# Subtest: weist einen v3-Inhalt mit v2-Deskriptor ab
ok 109 - weist einen v3-Inhalt mit v2-Deskriptor ab
  ---
  duration_ms: 198.929209
  type: 'test'
  ...
# Subtest: weist einen v2-Inhalt mit v3-Deskriptor ab
ok 110 - weist einen v2-Inhalt mit v3-Deskriptor ab
  ---
  duration_ms: 144.655375
  type: 'test'
  ...
# Subtest: weist einen unbekannten Spezialkatalog-Deskriptor ab
ok 111 - weist einen unbekannten Spezialkatalog-Deskriptor ab
  ---
  duration_ms: 134.277959
  type: 'test'
  ...
# Subtest: verlangt im v3-Altbestand eine ausdrückliche leere Anwendbarkeit
ok 112 - verlangt im v3-Altbestand eine ausdrückliche leere Anwendbarkeit
  ---
  duration_ms: 128.766917
  type: 'test'
  ...
# Subtest: blockiert unbekannte fachliche Felder statt sie stillschweigend zu ignorieren
ok 113 - blockiert unbekannte fachliche Felder statt sie stillschweigend zu ignorieren
  ---
  duration_ms: 141.077
  type: 'test'
  ...
# Subtest: prüft den echten Kandidatenkatalog separat gegen v3 ohne Releaseaktivierung
ok 114 - prüft den echten Kandidatenkatalog separat gegen v3 ohne Releaseaktivierung
  ---
  duration_ms: 76.652416
  type: 'test'
  ...
# Subtest: weist den echten AP17C-Kandidaten weiterhin vor dem Laden seiner Artefakte ab
ok 115 - weist den echten AP17C-Kandidaten weiterhin vor dem Laden seiner Artefakte ab
  ---
  duration_ms: 159.656917
  type: 'test'
  ...
# Subtest: validiert den freigegebenen MVP-0.2-Format-2-Release vollständig
ok 116 - validiert den freigegebenen MVP-0.2-Format-2-Release vollständig
  ---
  duration_ms: 290.732292
  type: 'test'
  ...
# Subtest: weist den noch nicht freigegebenen AP11C-Datenkandidaten ab
ok 117 - weist den noch nicht freigegebenen AP11C-Datenkandidaten ab
  ---
  duration_ms: 171.63125
  type: 'test'
  ...
# Subtest: weist den noch nicht freigegebenen AP12C-Format-3-Kandidaten ab
ok 118 - weist den noch nicht freigegebenen AP12C-Format-3-Kandidaten ab
  ---
  duration_ms: 142.84675
  type: 'test'
  ...
# Subtest: validiert den freigegebenen MVP-0.3-Format-3-Release und erzeugt den Kalender lokal
ok 119 - validiert den freigegebenen MVP-0.3-Format-3-Release und erzeugt den Kalender lokal
  ---
  duration_ms: 175.619917
  type: 'test'
  ...
# Subtest: weist für zwei Provider byteidentische Aktivstände nach
ok 120 - weist für zwei Provider byteidentische Aktivstände nach
  ---
  duration_ms: 154.66725
  type: 'test'
  ...
# Subtest: lehnt ein manipuliertes Artefakt ab und behält den letzten Aktivstand
ok 121 - lehnt ein manipuliertes Artefakt ab und behält den letzten Aktivstand
  ---
  duration_ms: 183.729042
  type: 'test'
  ...
# Subtest: aktiviert bei einem fehlenden Artefakt ohne Altstand nichts
ok 122 - aktiviert bei einem fehlenden Artefakt ohne Altstand nichts
  ---
  duration_ms: 165.298208
  type: 'test'
  ...
# Subtest: weist eine unbekannte Format-Hauptversion ab
ok 123 - weist eine unbekannte Format-Hauptversion ab
  ---
  duration_ms: 158.204291
  type: 'test'
  ...
# Subtest: speichert Release und Aktivzeiger in IndexedDB und stellt sie wieder her
ok 124 - speichert Release und Aktivzeiger in IndexedDB und stellt sie wieder her
  ---
  duration_ms: 171.035375
  type: 'test'
  ...
# Subtest: akzeptiert für den öffentlichen Provider nur eine saubere HTTPS-Basisadresse
ok 125 - akzeptiert für den öffentlichen Provider nur eine saubere HTTPS-Basisadresse
  ---
  duration_ms: 0.712875
  type: 'test'
  ...
# Subtest: begrenzt den Mirrorpfad auf die aktuelle SharePoint-Website
ok 126 - begrenzt den Mirrorpfad auf die aktuelle SharePoint-Website
  ---
  duration_ms: 0.294708
  type: 'test'
  ...
# Subtest: actual Format-5 candidate is rejected before fetching any artifacts
ok 127 - actual Format-5 candidate is rejected before fetching any artifacts
  ---
  duration_ms: 297.316209
  type: 'test'
  ...
# Subtest: Format 5 carries all catalogs without granting candidate rules operational approval
ok 128 - Format 5 carries all catalogs without granting candidate rules operational approval
  ---
  duration_ms: 1371.453542
  type: 'test'
  ...
# Subtest: Format-5 Github and mirror transport have identical bytes and metadata
ok 129 - Format-5 Github and mirror transport have identical bytes and metadata
  ---
  duration_ms: 1574.362334
  type: 'test'
  ...
# Subtest: IndexedDB persists the complete Format-5 envelope
ok 130 - IndexedDB persists the complete Format-5 envelope
  ---
  duration_ms: 1141.251958
  type: 'test'
  ...
# Subtest: Format 5 rejects missing social IDs
ok 131 - Format 5 rejects missing social IDs
  ---
  duration_ms: 135.797625
  type: 'test'
  ...
# Subtest: Format 5 rejects unknown social ID
ok 132 - Format 5 rejects unknown social ID
  ---
  duration_ms: 117.659958
  type: 'test'
  ...
# Subtest: Format 5 rejects missing social artifact
ok 133 - Format 5 rejects missing social artifact
  ---
  duration_ms: 114.929583
  type: 'test'
  ...
# Subtest: Format 5 rejects duplicate social artifact
ok 134 - Format 5 rejects duplicate social artifact
  ---
  duration_ms: 117.32375
  type: 'test'
  ...
# Subtest: Format 5 rejects old consumer minimum
ok 135 - Format 5 rejects old consumer minimum
  ---
  duration_ms: 130.7275
  type: 'test'
  ...
# Subtest: Format 5 rejects format 4 smuggling
ok 136 - Format 5 rejects format 4 smuggling
  ---
  duration_ms: 132.486959
  type: 'test'
  ...
# Subtest: Format 5 rejects unknown minor
ok 137 - Format 5 rejects unknown minor
  ---
  duration_ms: 130.666041
  type: 'test'
  ...
# Subtest: Format 5 rejects unknown core field
ok 138 - Format 5 rejects unknown core field
  ---
  duration_ms: 128.496167
  type: 'test'
  ...
# Subtest: Format 5 rejects wrong schema-role pair
ok 139 - Format 5 rejects wrong schema-role pair
  ---
  duration_ms: 131.563833
  type: 'test'
  ...
# Subtest: Format 5 rejects unknown social field
ok 140 - Format 5 rejects unknown social field
  ---
  duration_ms: 132.291417
  type: 'test'
  ...
# Subtest: Format-5 artifact tampering is rejected before loading the core
ok 141 - Format-5 artifact tampering is rejected before loading the core
  ---
  duration_ms: 301.947125
  type: 'test'
  ...
# Subtest: Format 5 rejects an omitted operative source even when artifact hashes are valid
ok 142 - Format 5 rejects an omitted operative source even when artifact hashes are valid
  ---
  duration_ms: 460.839541
  type: 'test'
  ...
# Subtest: Format 5 rejects an unexpected source in the manifest register
ok 143 - Format 5 rejects an unexpected source in the manifest register
  ---
  duration_ms: 306.003791
  type: 'test'
  ...
# Subtest: Format 5 rejects conflicting metadata for a source ID shared by two artifacts
ok 144 - Format 5 rejects conflicting metadata for a source ID shared by two artifacts
  ---
  duration_ms: 310.934375
  type: 'test'
  ...
# Subtest: Format 5 permits different JSON property order for an identical shared source
ok 145 - Format 5 permits different JSON property order for an identical shared source
  ---
  duration_ms: 822.5455
  type: 'test'
  ...
1..145
# tests 145
# suites 0
# pass 145
# fail 0
# cancelled 0
# skipped 0
# todo 0
# duration_ms 63058.440292
